conformed tree: <tmp>\mfw-h1r\conformed-707cb1e-cf30e20a71d5 (reused)
pristine tree : <tmp>\mfw-h1r\b2-707cb1e
EVAL_ONLY: re-evaluating 469 saved runs (no execution)
PASS     X0      every run completed without error or crash
         469 runs, 0 errors, 0 incomplete/crashed
PASS     G1'     transformed tree is inert without the H1R runtime (fingerprint = B2, all 7 arms)
         21/21 (config, arm) pairs identical in fingerprint and cognitive draws
PASS     A1      no non-edge (draw-free) movement
         NONEDGE 0 | edge attempts 773216 | self no-op re-executions 36672 (no position change, no draw, no credit)
PASS     A2      no non-edge pair enters transition memory
         main writes non-edge 0/470217; episode writes non-edge 0/604114; end-of-run non-edge entries 0
PASS     A3      no non-edge pair enters episode learning or replay (Q via episodes, rewards, momentum, trust credit)
         non-edge episode pairs 0/604114; replay 0
PASS     A4      no non-edge key in the trust store
         max non-edge trust keys over all snapshots and runs: 0
PASS     A5      every goal reach is a graph-edge move from an adjacent node
         canonical 48102/48102 goal reaches (pooled over all arms)
PASS     A6      backup move guard never needed (mask + P4 complete)
         guard firings 0
PASS     A-AV    anti-vacuity: the same probes detect non-edge movement and pairs when conformance is off
         H1R off: NONEDGE 4446, non-edge episode pairs 5454, max non-edge trust keys 44
PASS     R1a     every main TD Q update is Q(S, A) of the realised transition (S = decision position, A = realised node, S' = realised node or goal)
         updates 470217 (FROZEN calls included; blocked at the choke point), mismatches 0, non-edge keys 0, on unrealised ticks 0
PASS     R1b     no learning from an unrealised transition (learning section, Q, transitions, explore-step and success-episode pairs)
         learning-section entries on unrealised ticks 0/470217; transitions writes unrealised 0/470217; explore pairs unrealised 0/422115; success-episode pairs unrealised 0/162767
PASS     R1c     coverage: every realised move and goal entry gets exactly one learning pass and one main Q update (return moves included)
         realised moves 422115, goal entries 48102; missing learning 0, missing Q 0, duplicates 0; return moves covered 66555/66555 (per arm: A1 7829/7829, A2 7148/7148, A3 20936/20936, A4 7335/7335, A5 8814/8814, A6 6700/6700, A7 7793/7793)
PASS     R1d     a slip receives no reward and no update (it costs only the elapsed tick)
         slip ticks 351101; Q updates on slip ticks 0 (positive reward 0); self no-op ticks 36672; non-edge 0
PASS     R1e     exactly one environment draw per edge-attempt decision (goal entries included, R2), none otherwise, from the environment stream counter
         draws 821318 = edge-attempt decisions 821318 (moves 422115 + slips 351101 + goal entries 48102); per-tick mismatches 0; max per tick 1; env stream counter 821318; goal entries that drew 48102
PASS     R2a     every goal-entering attempt draws exactly once, through the same early-draw call as every other edge; it can slip
         goal-entering attempts 87257: realised 48102, slipped 39155; realised goal entries that drew 48102/48102; per-tick draw mismatches 0
PASS     R2b     goal-entering and other edge outcomes both follow p_e (pooled calibration over all runs, pre-declared |z| < 4 for each class)
         goal-entering attempts n 87257, z -0.34 | other edge attempts n 734061, z -1.62 (z = (successes - sum p) / sqrt(sum p(1-p)))
PASS     R2x     exact mechanism check: every drawn attempt, goal-entering or not, has outcome == (u_k < p_e), u_k the k-th draw of the independently mirrored environment stream
         goal-entering 87257 checked, 0 mismatches | other 734061 checked, 0 mismatches | unattributed draws 0; checked = draws 821318
INFO     R2b-INFO diagnostic splits of the non-goal calibration (pooled over all runs; under R3 the 7 arms of a configuration share its stream)
         retry-after-slip n 240417, z -0.49 | other attempts n 493644, z -1.74 | Phase I n 371994, z -1.16 | Phase II n 362067, z -1.14
PASS     R2c     ORACLE and environment share one reliability process: both read env.pFor; ORACLE delivers it exactly; A7 goal-entering outcomes follow it
         env.attempt -> pFor: true; env.trueP -> pFor: true; A7 goal-entering attempts n 11974, z -2.12 (ORACLE delivery exactness: G5 in verify_M7 and e3e4 I.2-A7)
PASS     R2d     a slipped goal attempt is an ordinary slip (no reset, no reward, no learning) and every goal reset is a realised goal entry
         goal resets 48102 = realised goal entries 48102; slip ticks (goal slips included) with learning or Q 0
PASS     R2e     trust credit treats goal-entering attempts like every traversal (store = independent reconstruction incl. goal attempts and successes)
         reconstruction mismatches 0; keys with s>a 0 (see B1-B3)
PASS     R2-AV   anti-vacuity: with the goal draw reverted (mutant) and in the B2 order, goal-entering attempts never slip and fail calibration
         mutant: goal slips 0, z 17.80 | B2 order: goal slips 0, z 37.39
INFO     R1-INFO reward carried by main TD Q updates, by realised outcome (existing rules; pooled over all arms)
         move {"2":175749,"-0.4":121306,"0.3":125060} | goal {"12":48102} | slip {} | other {}
PASS     R1-AV   anti-vacuity: B2 order (conformance off) and the R1-VIEW mutant both learn on unrealised slips and miss realised return moves; both draw once per decision
         off: Q updates on slip ticks 7779 (positive 6114), mismatched 13062, return moves covered 204/645 | mutant: on slip ticks 3112, mismatched 4881, return moves covered 148/621 | env per-tick mismatches off 0, mutant 0
PASS     B1      successes <= attempts for every key at every 100-tick snapshot and at run end
         keys with s>a: max 0 over 7872 snapshots
PASS     B2      trust within [0, 1]
         range [0.0474, 0.9957]
PASS     B3      every trust write is a traversal outcome (store = attempts/successes reconstructed from moves, decay mirrored)
         reconstruction mismatches 0; episode credits offered 135073, applied 0
PASS     B-AV    anti-vacuity: with conformance off the probe detects s>a
         H1R off: max keys with s>a 63
INFO     B-DIAG  diagnostic: the attempt-gated N2 variant (reconciliation text) against the s<=a invariant
         runs with any s>a: 40/41; max keys with s>a 27; max trust 1.8920
PASS     C1      RANDOM is wired: the runtime saw arm A3 and made uniform decisions in every run
         uniform decisions 113226 over 41 runs; arms seen A3
PASS     C2      RANDOM behaves differently from BELIEF (fingerprint) on every configuration
         41/41
PASS     C3      RANDOM choices are uniform over graph neighbours (pooled chi-square p > 0.001) while BELIEF is not (p < 1e-6)
         A3: chi2=62.1 df=58 p=3.33e-1 n=113226 non-neighbour picks 0; argmax share 0.258 vs 0.258 expected if uniform | A1: chi2=27254.3 df=58 p=0.00e+0; argmax share 0.902
INFO     C-INFO  decision ticks that commit no action (no admissible candidate), share of decision ticks
         A1 0.33%, A2 0.41%, A3 0.10%, A4 0.47%, A5 0.41%, A6 0.41%, A7 0.37%
PASS     C-AV    anti-vacuity: without the H1R runtime A3 is byte-identical to A1 (the historical defect)
         3 configurations
PASS     D1      FROZEN: Q table unchanged from tick 0 to tick 3000
         changed keys 0, max |delta| 0, entries at end 0
PASS     D2      FROZEN: trust store (attempts and successes) unchanged from tick 0 to tick 3000
         attempt keys changed 0, success keys changed 0
PASS     D3      FROZEN still executes its policy (decisions made, trust read at E3)
         decisions 113486, E3 reads 1676840 (passthrough 1676840)
PASS     D-AV    anti-vacuity: BELIEF changes Q and trust over the same interval
         A1 Q keys changed 3158, trust attempt keys changed 2597
PASS     E1      zero post-reset actions from pre-reset reasoning
         stale post-reset moves 0, stale post-reset goal reaches 0; resets 49350
PASS     E2      zero stale goal reaches other than replay-branch re-executions of a goal attempt that slipped on the previous tick
         stale goal reaches 1080: replay re-executions after a slip 1080, other 0
PASS     E-AV    anti-vacuity: with conformance off, stale post-reset goal reaches are detected
         H1R off: 387 stale post-reset goal reaches
PASS     F1      every goal reach reaches exactly one main Q update with reward exactly +12
         goal events 48102 (pooled over all arms), goal Q updates 48102, reward != 12: 0
FAIL     F2      eligibility rate is identically 1 in every run (no input through which p_e or history could act)
         287 runs; runs with no goal reach: 10; runs with a goal reward != 12: 0
PASS     F2'     eligibility rate is exactly 1 in every run where it is defined (frozen §9.4: a run without a goal reach is included, not a failure)
         277 runs with goal reaches, eligibility rate exactly 1 in all; 10 runs without a goal reach (rate undefined; included per §9.4)
PASS     F-AV    anti-vacuity: legacy rule (conformance off) and a mutant with the GOAL edit reverted both pay != 12
         H1R off: 2262 goal rewards != 12; mutant: 77
PASS     G15'-S  structural: the goal branch pays 12 whenever H1R is on — the eligibility operand cannot be false
         GOAL edit at main.js:3934 inside the goal branch opened at :3932; next statement 'rewardSignal = 12;'
FAIL     G15'    G15' = structural + dynamic (F1, F2) + anti-vacuity (F-AV)
         see G15'-S, F1, F2, F-AV
PASS     G15'(9.4) G15' with F2 specified per frozen §9.4 = structural + dynamic (F1, F2') + anti-vacuity (F-AV)
         see G15'-S, F1, F2', F-AV
PASS     S1      R1: one early draw, the realised view, the restore and the E1 reuse, in causal order; Q-KEY edits gone; original learning calls intact
         lines: draw 3839 < view 3840 < guard 3849 < section 3862 < restore 4849 < sync 4850 < E1 reuse 4901; original updateQ sites 2, D1 1, success 1; Q-KEY 0
PASS     S2      CRG: exactly the three 0f47d7b backtracking releases, guarded, inside canReachGoal
         guarded releases 3
PASS     S3      N2: the episode success writer is suppressed only under M7 credit; trust math untouched
         one guarded writer; qlearning.js carries only the FROZEN choke point
PASS     S4      N1/A3/A4/P4/GOAL edits present exactly once each
         all present
PASS     S5      conformed canReachGoal: 0 false negatives, 0 false positives, 0 trap states over 20 x 4 (H1R on); B2 defect reproduced with H1R off
         on: FN 0, FP 0, traps 0 | off (B2): FN 9, FP 0, traps 3/goal 16
PASS     S6      R2: the single early draw covers goal-entering attempts; R2-GOAL-FLAG and R2-GOAL-CREDIT once each; measurement probes once each
         early draw goal-exclusion present: false; R2-GOAL-FLAG 1, R2-GOAL-CREDIT 1, M-STEP 1, M-REWARD 1; draw call sites 1
PASS     T1      no decision trap: per arm, per goal, no-commit share of decision ticks <= 5%
         AFTER (goal 8/12/16/19, %): A1 0.3/0.5/0.3/0.1 | A2 0.3/0.5/0.6/0.1 | A3 0.1/0.2/0.0/0.0 | A4 0.3/0.8/0.5/0.2 | A5 0.2/0.6/0.5/0.1 | A6 0.4/0.3/0.6/0.2 | A7 0.2/0.5/0.5/0.1 || BEFORE (84b4197b tree): A1 0.4/1.7/41.9/0.7 | A2 0.5/1.7/44.6/0.4 | A3 0.4/0.4/74.9/0.1 | A4 1.1/2.9/47.0/0.8 | A5 0.6/2.0/40.2/0.4 | A6 1.1/1.8/44.9/0.6 | A7 0.9/1.7/46.3/0.6
FAIL     P1      all seven arms are pairwise behaviourally distinct on every configuration (21 pairs x 41)
         854/861 distinct; identical: A2/A5@900074/1, A2/A5@900160/2, A2/A5@900336/1, A2/A5@900360/2, A2/A5@900379/2
PASS     P2      BELIEF, ABLATION, RANDOM, FROZEN pairwise distinct on every configuration (6 pairs x 41; the Phase-8 requirement)
         246/246 distinct
PASS     P3      every manipulated arm (A2..A7) differs from BELIEF on every configuration (6 x 41)
         246/246 distinct (A2 41/41, A3 41/41, A4 41/41, A5 41/41, A6 41/41, A7 41/41)
PASS     M1      the measurement records exactly one reward event per realised move or goal entry and none on any other tick
         events 470217 = learning passes 470217; presence mismatches 0; on unrealised ticks 0; duplicates/orphans/non-finite 0; calls = agent steps in every run
PASS     M2      every recorded value equals the rewardSignal the agent used in its main TD update on that tick
         compared 470217, value mismatches 0
PASS     M3      the measurement is observationally neutral: fingerprint (incl. all RNG draw counts) identical with and without it, all 7 arms
         21/21 (config, arm) pairs identical
PASS     M4      no additional stochastic operation and no agent-visible effect: the module draws nothing; the two probes are call-only statements
         measure.mjs RNG references: none; probes in main.js: 2, call-only: true
PASS     M-AV    anti-vacuity: a probe at the wrong site is caught (M2), and in the B2 order the probe follows the reward to unrealised ticks
         mutant value mismatches 4952 | B2 order: events on unrealised ticks 13110, value mismatches 0
PASS     M5      the experiment driver (run_h1r.mjs) reproduces the recorder run at the same design position and its reward record, and reports every validity condition true
         6/6 driver runs identical in fingerprint and reward-record digest to the recorder runs at the same position; valid 6/6
PASS     R3-F    derivation: envSeed = (0x60800000 + slot·4096·0x6d2b79f5) mod 2^32, slot = (agentSeed − 20260819000)·64 + blockCode·32 + index, on every slot of the verified domain; positions outside it are refused
         1920/1920 domain slots (seeds 20260819000–009 and 100–119, both blocks, index 0–31) equal the independently computed formula; out-of-domain positions refused 6/6
PASS     R3a     pairing: within a (configuration, agent seed) every arm registers the same derived environment seed and consumes exactly that stream (every draw checked against its mirror)
         41/41 configurations with all 7 arms on one stream; 287/287 runs: initRng registered the expected seed once, every draw = the mirrored stream (0 mismatches, 0 unattributed); repeat/measure sets on the same seed: true
PASS     R3b     different configurations receive distinct, non-overlapping environment segments (anti-vacuity: B2, H1R off, shares one stream across configurations)
         41 distinct seeds for 41 configurations; 0/820 segment pairs overlap (L = 4096 draws) | H1R off: 3 configurations, 1 environment stream
PASS     R3c     full planned overlap proof: the 1,920 environment segments of the verified domain are pairwise disjoint and touch no cognitive, visual or sigma stream of any domain seed (reserves above every measured consumption)
         segments 1920 (L = 4096), exactly slot·L draws after B: 1920; zero seeds 0; contacts with 90 agent streams 0; nearest: 20260819007:cognitive at 9666781 draws | reserves: cognitive 1000000 (max measured 89317), visual 65536 (max 3020), sigma 4096 (max exact 304, replica = arms.makeSigma for 30 seeds: true)
PASS     R3c2    no run's environment segment shares a state with its own configuration's generator (exact consumption 756 draws, reserve 1024; checked per run, a validity condition of run_h1r.mjs)
         makeConfig replica (38 shuffle + 78 reliability + 640 embedding draws) reproduces all 41 configurations: true; positioned runs clear of their own generator 412/412; driver flag 6/6
INFO     R3c-INFO configuration-generator segments (candidate seeds 893000–894999 and 900000–909999) that touch a domain environment segment; only the configuration actually run at that position matters (R3c2)
         27 contacts over 12000 generators x 1920 segments; at planned positions (pilot seeds x pilot index 0–9, confirmatory seeds x held-out index 0–29): config:893445@20260819112/heldout/18, config:893445@20260819112/heldout/19, config:901853@20260819119/heldout/8, config:901853@20260819119/heldout/9, config:902291@20260819100/heldout/0, config:903885@20260819105/heldout/12, config:903885@20260819105/heldout/13, config:905479@20260819110/heldout/25, config:907870@20260819118/heldout/12, config:909902@20260819104/heldout/16
PASS     R3d     OFF is B2: rng.js differs from B2 in exactly the R3 line, whose fall-back branch is the B2 expression verbatim and whose condition requires the H1R switch and a design position
         changed lines 1 (rng.js:46); fall-back verbatim: true; G1' PASS
PASS     R3e     cognitive, visual and sigma streams unchanged: under R3 initRng(seed) still gives cognitive = makeRng(seed) and visual = makeRng(seed ^ 0x9e3779b9); only environment changes; sigma identical to B2
         with a position: cognitive (100,000 draws) true, visual (65536) true, environment = makeRng(derived) (4096) true, logged once true, other agent seed refused true | no runtime: environment = B2 true, cognitive true | H1R on without a position: environment = B2 true | sigma = B2 for 30 seeds true | every positioned run's cognitive and visual draws recovered from the agent-seed streams: true (412 runs)
PASS     R3h     environment draws per run never exceed L = 4096 (bound: at most one draw per tick x RUN_TICKS)
         max environment draws in any run 2907; structural bound RUN_TICKS 3000 x max draws per tick 1 = 3000 <= 4096; driver flag 6/6
PASS     R3j     no new random draw: the R3 line keeps one makeRng construction and no draw; env_seed.mjs and runtime.mjs neither call nor import a generator; one environment draw per edge attempt (R1e)
         makeRng( constructions in rng.js: conformed 4, B2 4; generator calls in code: env_seed.mjs none, runtime.mjs none; imports: env_seed.mjs [none]; runtime.mjs [node:fs, node:path, node:url, ./env_seed.mjs]; probe self-test true; R1e PASS
PASS     R3-DRV  the driver derives the stream from (agent seed, block, configIndex), registers it once, and records the seed actually used (run.js asserted value kept apart)
         6/6
PASS     R3-CAL  calibration with independent units: per arm, pooled over its 41 configuration-scoped streams, goal-entering and other outcomes follow p_e (pre-declared |z| < 4 for each of the 14 arm x class tests)
         A1 goal z 0.98, other z -0.36 | A2 goal z 1.27, other z -0.47 | A3 goal z -0.65, other z -1.27 | A4 goal z -0.23, other z -0.26 | A5 goal z -0.37, other z -1.54 | A6 goal z -0.15, other z -1.20 | A7 goal z -2.12, other z 0.84
PASS     R3-AV   anti-vacuity: with the R3 edit reverted, initRng never registers the derived seed and the derived-stream mirror disagrees with the outcomes
         mutant runs 3: derived seed registered 0; mirror mismatches 2785
PASS     H1      conformed runs are deterministic (two independent processes, identical fingerprint)
         21/21
PASS     H2      the verification recorder is observationally neutral (record vs no-record fingerprint)
         21/21

71 PASS, 3 FAIL, 0 CONFLICT, 5 INFO — 3 s
