pristine experiments/m7/verify_arms.js: exit 0, 59 PASS, 0 FAIL (1s)
off      experiments/m7/verify_arms.js: exit 0, 59 PASS, 0 FAIL (1s)
on       experiments/m7/verify_arms.js: exit 0, 59 PASS, 0 FAIL (1s)
pristine experiments/m7/verify_env.js: exit 0, 54 PASS, 0 FAIL (10s)
off      experiments/m7/verify_env.js: exit 0, 54 PASS, 0 FAIL (9s)
on       experiments/m7/verify_env.js: exit 0, 54 PASS, 0 FAIL (9s)
pristine experiments/m7/verify_e1e2.js: exit 0, 32 PASS, 0 FAIL (19s)
off      experiments/m7/verify_e1e2.js: exit 0, 32 PASS, 0 FAIL (24s)
on       experiments/m7/verify_e1e2.js: exit 1, 30 PASS, 2 FAIL (20s)
pristine experiments/m7/verify_e3e4.js: exit 0, 36 PASS, 0 FAIL (32s)
off      experiments/m7/verify_e3e4.js: exit 0, 36 PASS, 0 FAIL (32s)
on       experiments/m7/verify_e3e4.js: exit 0, 36 PASS, 0 FAIL (29s)
pristine experiments/m7/verify_e5.js: exit 0, 30 PASS, 0 FAIL (24s)
off      experiments/m7/verify_e5.js: exit 0, 30 PASS, 0 FAIL (25s)
on       experiments/m7/verify_e5.js: exit 0, 30 PASS, 0 FAIL (23s)
on       experiments/m7/verify_M7.js: exit 0, 49 PASS, 0 FAIL (264s)
pristine experiments/m7/verify_M7.js: exit 0, 49 PASS, 0 FAIL (272s)
off      experiments/m7/verify_M7.js: exit 0, 49 PASS, 0 FAIL (276s)
pristine experiments/m7/verify_goal.js: exit 0, 26 PASS, 0 FAIL (10s)
pristine experiments/m7/verify_cap.js: exit 0, 42 PASS, 0 FAIL (34s)
off      experiments/m7/verify_goal.js: exit 0, 26 PASS, 0 FAIL (10s)
off      experiments/m7/verify_cap.js: exit 0, 42 PASS, 0 FAIL (36s)
on       experiments/m7/verify_goal.js: exit 1, 24 PASS, 2 FAIL (11s)
on       experiments/m7/verify_cap.js: exit 1, 38 PASS, 4 FAIL (36s)
pristine experiments/m7/verify_G8.js: exit 0, 22 PASS, 0 FAIL (9s)
off      experiments/m7/verify_G8.js: exit 0, 22 PASS, 0 FAIL (10s)
on       experiments/m7/verify_G8.js: exit 1, 21 PASS, 1 FAIL (9s)
pristine experiments/m7/verify_G10.js: exit 0, 38 PASS, 0 FAIL (50s)
pristine experiments/m7/verify_determinism.js: exit 0, 29 PASS, 0 FAIL (105s)
off      experiments/m7/verify_determinism.js: exit 0, 29 PASS, 0 FAIL (108s)
on       experiments/m7/verify_determinism.js: exit 0, 29 PASS, 0 FAIL (103s)
off      experiments/m7/verify_G10.js: exit 0, 38 PASS, 0 FAIL (29s)
on       experiments/m7/verify_G10.js: exit 0, 38 PASS, 0 FAIL (19s)
pristine experiments/m7/verify_acceptance.js: exit 0, 26 PASS, 0 FAIL (24s)
off      experiments/m7/verify_acceptance.js: exit 0, 26 PASS, 0 FAIL (26s)
on       experiments/m7/verify_acceptance.js: exit 0, 26 PASS, 0 FAIL (24s)
pristine experiments/m7/verify_stepledger.js: exit 0, 29 PASS, 0 FAIL (38s)
off      experiments/m7/verify_stepledger.js: exit 0, 29 PASS, 0 FAIL (39s)
on       experiments/m7/verify_stepledger.js: exit 1, 28 PASS, 1 FAIL (40s)
pristine experiments/phase1_0/parity_termarray.js: exit 0, 1 PASS, 0 FAIL (10s)
off      experiments/phase1_0/parity_termarray.js: exit 0, 1 PASS, 0 FAIL (10s)
on       experiments/phase1_0/parity_termarray.js: exit 0, 1 PASS, 0 FAIL (11s)
pristine experiments/phase1_0/verify_S1.js: exit 0, 12 PASS, 0 FAIL (9s)
off      experiments/phase1_0/verify_S1.js: exit 0, 12 PASS, 0 FAIL (10s)
on       experiments/phase1_0/verify_S1.js: exit 0, 12 PASS, 0 FAIL (9s)
pristine experiments/phase1_0/verify_S1b.js: exit 0, 3 PASS, 1 FAIL (1s)
off      experiments/phase1_0/verify_S1b.js: exit 0, 3 PASS, 1 FAIL (1s)
on       experiments/phase1_0/verify_S1b.js: exit 0, 3 PASS, 1 FAIL (1s)
pristine experiments/phase1_0/verify_S1prime.js: exit 0, 7 PASS, 0 FAIL (1s)
off      experiments/phase1_0/verify_S1prime.js: exit 0, 7 PASS, 0 FAIL (1s)
on       experiments/phase1_0/verify_S1prime.js: exit 0, 7 PASS, 0 FAIL (1s)
pristine experiments/phase1_0/verify_S2.js: exit 0, 14 PASS, 0 FAIL (0s)
off      experiments/phase1_0/verify_S2.js: exit 0, 14 PASS, 0 FAIL (0s)
on       experiments/phase1_0/verify_S2.js: exit 1, 13 PASS, 1 FAIL (0s)
pristine experiments/phase1_0/verify_S2_Q4.js: exit 0, 15 PASS, 0 FAIL (0s)
off      experiments/phase1_0/verify_S2_Q4.js: exit 0, 15 PASS, 0 FAIL (0s)
on       experiments/phase1_0/verify_S2_Q4.js: exit 0, 15 PASS, 0 FAIL (0s)
pristine experiments/phase1_0/verify_S4.js: exit 0, 12 PASS, 0 FAIL (0s)
off      experiments/phase1_0/verify_S4.js: exit 0, 12 PASS, 0 FAIL (0s)
on       experiments/phase1_0/verify_S4.js: exit 0, 12 PASS, 0 FAIL (0s)
pristine experiments/phase1_0/verify_S6.js: exit 0, 18 PASS, 0 FAIL (0s)
off      experiments/phase1_0/verify_S6.js: exit 0, 18 PASS, 0 FAIL (0s)
on       experiments/phase1_0/verify_S6.js: exit 0, 18 PASS, 0 FAIL (0s)
pristine experiments/phase1_0/verify_G9.js: exit 0, 11 PASS, 0 FAIL (0s)
off      experiments/phase1_0/verify_G9.js: exit 0, 11 PASS, 0 FAIL (1s)
on       experiments/phase1_0/verify_G9.js: exit 0, 11 PASS, 0 FAIL (0s)
pristine experiments/phase1_0/verify_G16.js: exit 0, 28 PASS, 0 FAIL (18s)
off      experiments/phase1_0/verify_G16.js: exit 1, 23 PASS, 5 FAIL (17s)
on       experiments/phase1_0/verify_G16.js: exit 1, 23 PASS, 5 FAIL (17s)
pristine experiments/phase1_0/verify_S3prime.js: exit 0, 2 PASS, 0 FAIL (16s)
off      experiments/phase1_0/verify_S3prime.js: exit 0, 2 PASS, 0 FAIL (17s)
on       experiments/phase1_0/verify_S3prime.js: exit 0, 2 PASS, 0 FAIL (16s)
pristine experiments/m7/verify_G15.js: exit 0, 24 PASS, 0 FAIL (470s)
off      experiments/m7/verify_G15.js: exit 0, 24 PASS, 0 FAIL (460s)
on       experiments/m7/verify_G15.js: exit 0, 24 PASS, 0 FAIL (450s)
exit 0
