conformed tree: <tmp>\mfw-h1r\conformed-707cb1e-8e969d6106f2 (reused)
pristine tree : <tmp>\mfw-h1r\b2-707cb1e
running 460 single-process runs with 6 workers ...
  25/460 runs
  50/460 runs
  75/460 runs
  100/460 runs
  125/460 runs
  150/460 runs
  175/460 runs
  200/460 runs
  225/460 runs
  250/460 runs
  275/460 runs
  300/460 runs
  325/460 runs
  350/460 runs
  375/460 runs
  400/460 runs
  425/460 runs
  450/460 runs
  460/460 runs
PASS     X0      every run completed without error or crash
         460 runs, 0 errors, 0 incomplete/crashed
PASS     G1'     transformed tree is inert without the H1R runtime (fingerprint = B2, all 7 arms)
         21/21 (config, arm) pairs identical in fingerprint and cognitive draws
PASS     A1      no non-edge (draw-free) movement
         NONEDGE 0 | edge attempts 774010 | self no-op re-executions 37315 (no position change, no draw, no credit)
PASS     A2      no non-edge pair enters transition memory
         main writes non-edge 0/475939; episode writes non-edge 0/607190; end-of-run non-edge entries 0
PASS     A3      no non-edge pair enters episode learning or replay (Q via episodes, rewards, momentum, trust credit)
         non-edge episode pairs 0/607190; replay 0
PASS     A4      no non-edge key in the trust store
         max non-edge trust keys over all snapshots and runs: 0
PASS     A5      every goal reach is a graph-edge move from an adjacent node
         canonical 46861/46861 goal reaches (pooled over all arms)
PASS     A6      backup move guard never needed (mask + P4 complete)
         guard firings 0
PASS     A-AV    anti-vacuity: the same probes detect non-edge movement and pairs when conformance is off
         H1R off: NONEDGE 4446, non-edge episode pairs 5454, max non-edge trust keys 44
PASS     R1a     every main TD Q update is Q(S, A) of the realised transition (S = decision position, A = realised node, S' = realised node or goal)
         updates 475939 (FROZEN calls included; blocked at the choke point), mismatches 0, non-edge keys 0, on unrealised ticks 0
PASS     R1b     no learning from an unrealised transition (learning section, Q, transitions, explore-step and success-episode pairs)
         learning-section entries on unrealised ticks 0/475939; transitions writes unrealised 0/475939; explore pairs unrealised 0/429078; success-episode pairs unrealised 0/158735
PASS     R1c     coverage: every realised move and goal entry gets exactly one learning pass and one main Q update (return moves included)
         realised moves 429078, goal entries 46861; missing learning 0, missing Q 0, duplicates 0; return moves covered 71826/71826 (per arm: A1 8753/8753, A2 8655/8655, A3 21056/21056, A4 6121/6121, A5 9114/9114, A6 9058/9058, A7 9069/9069)
PASS     R1d     a slip receives no reward and no update (it costs only the elapsed tick)
         slip ticks 344932; Q updates on slip ticks 0 (positive reward 0); self no-op ticks 37315; non-edge 0
PASS     R1e     exactly one environment draw per edge-attempt decision (goal entries included, R2), none otherwise, from the environment stream counter
         draws 820871 = edge-attempt decisions 820871 (moves 429078 + slips 344932 + goal entries 46861); per-tick mismatches 0; max per tick 1; env stream counter 820871; goal entries that drew 46861
PASS     R2a     every goal-entering attempt draws exactly once, through the same early-draw call as every other edge; it can slip
         goal-entering attempts 84051: realised 46861, slipped 37190; realised goal entries that drew 46861/46861; per-tick draw mismatches 0
FAIL     R2b     goal-entering and other edge outcomes both follow p_e (pooled calibration over all runs, pre-declared |z| < 4 for each class)
         goal-entering attempts n 84051, z 1.92 | other edge attempts n 736820, z 6.18 (z = (successes - sum p) / sqrt(sum p(1-p)))
PASS     R2c     ORACLE and environment share one reliability process: both read env.pFor; ORACLE delivers it exactly; A7 goal-entering outcomes follow it
         env.attempt -> pFor: true; env.trueP -> pFor: true; A7 goal-entering attempts n 12478, z -0.13 (ORACLE delivery exactness: G5 in verify_M7 and e3e4 I.2-A7)
PASS     R2d     a slipped goal attempt is an ordinary slip (no reset, no reward, no learning) and every goal reset is a realised goal entry
         goal resets 46861 = realised goal entries 46861; slip ticks (goal slips included) with learning or Q 0
PASS     R2e     trust credit treats goal-entering attempts like every traversal (store = independent reconstruction incl. goal attempts and successes)
         reconstruction mismatches 0; keys with s>a 0 (see B1-B3)
PASS     R2-AV   anti-vacuity: with the goal draw reverted (mutant) and in the B2 order, goal-entering attempts never slip and fail calibration
         mutant: goal slips 0, z 25.38 | B2 order: goal slips 0, z 37.39
INFO     R1-INFO reward carried by main TD Q updates, by realised outcome (existing rules; pooled over all arms)
         move {"2":175936,"-0.4":125059,"0.3":128083} | goal {"12":46861} | slip {} | other {}
PASS     R1-AV   anti-vacuity: B2 order (conformance off) and the R1-VIEW mutant both learn on unrealised slips and miss realised return moves; both draw once per decision
         off: Q updates on slip ticks 7779 (positive 6114), mismatched 13062, return moves covered 204/645 | mutant: on slip ticks 3553, mismatched 4617, return moves covered 183/476 | env per-tick mismatches off 0, mutant 0
PASS     B1      successes <= attempts for every key at every 100-tick snapshot and at run end
         keys with s>a: max 0 over 7872 snapshots
PASS     B2      trust within [0, 1]
         range [0.0589, 0.9960]
PASS     B3      every trust write is a traversal outcome (store = attempts/successes reconstructed from moves, decay mirrored)
         reconstruction mismatches 0; episode credits offered 129347, applied 0
PASS     B-AV    anti-vacuity: with conformance off the probe detects s>a
         H1R off: max keys with s>a 63
INFO     B-DIAG  diagnostic: the attempt-gated N2 variant (reconciliation text) against the s<=a invariant
         runs with any s>a: 38/41; max keys with s>a 33; max trust 1.8855
PASS     C1      RANDOM is wired: the runtime saw arm A3 and made uniform decisions in every run
         uniform decisions 113204 over 41 runs; arms seen A3
PASS     C2      RANDOM behaves differently from BELIEF (fingerprint) on every configuration
         41/41
PASS     C3      RANDOM choices are uniform over graph neighbours (pooled chi-square p > 0.001) while BELIEF is not (p < 1e-6)
         A3: chi2=60.7 df=58 p=3.80e-1 n=113204 non-neighbour picks 0; argmax share 0.260 vs 0.258 expected if uniform | A1: chi2=26225.4 df=58 p=0.00e+0; argmax share 0.901
INFO     C-INFO  decision ticks that commit no action (no admissible candidate), share of decision ticks
         A1 0.34%, A2 0.34%, A3 0.10%, A4 0.54%, A5 0.31%, A6 0.32%, A7 0.38%
PASS     C-AV    anti-vacuity: without the H1R runtime A3 is byte-identical to A1 (the historical defect)
         3 configurations
PASS     D1      FROZEN: Q table unchanged from tick 0 to tick 3000
         changed keys 0, max |delta| 0, entries at end 0
PASS     D2      FROZEN: trust store (attempts and successes) unchanged from tick 0 to tick 3000
         attempt keys changed 0, success keys changed 0
PASS     D3      FROZEN still executes its policy (decisions made, trust read at E3)
         decisions 113304, E3 reads 1715008 (passthrough 1715008)
PASS     D-AV    anti-vacuity: BELIEF changes Q and trust over the same interval
         A1 Q keys changed 3238, trust attempt keys changed 2627
PASS     E1      zero post-reset actions from pre-reset reasoning
         stale post-reset moves 0, stale post-reset goal reaches 0; resets 48172
PASS     E2      zero stale goal reaches other than replay-branch re-executions of a goal attempt that slipped on the previous tick
         stale goal reaches 1085: replay re-executions after a slip 1085, other 0
PASS     E-AV    anti-vacuity: with conformance off, stale post-reset goal reaches are detected
         H1R off: 387 stale post-reset goal reaches
PASS     F1      every goal reach reaches exactly one main Q update with reward exactly +12
         goal events 46861 (pooled over all arms), goal Q updates 46861, reward != 12: 0
FAIL     F2      eligibility rate is identically 1 in every run (no input through which p_e or history could act)
         287 runs; runs with no goal reach: 6; runs with a goal reward != 12: 0
PASS     F2'     eligibility rate is exactly 1 in every run where it is defined (frozen §9.4: a run without a goal reach is included, not a failure)
         281 runs with goal reaches, eligibility rate exactly 1 in all; 6 runs without a goal reach (rate undefined; included per §9.4)
PASS     F-AV    anti-vacuity: legacy rule (conformance off) and a mutant with the GOAL edit reverted both pay != 12
         H1R off: 2262 goal rewards != 12; mutant: 207
PASS     G15'-S  structural: the goal branch pays 12 whenever H1R is on — the eligibility operand cannot be false
         GOAL edit at main.js:3934 inside the goal branch opened at :3932; next statement 'rewardSignal = 12;'
FAIL     G15'    G15' = structural + dynamic (F1, F2) + anti-vacuity (F-AV)
         see G15'-S, F1, F2, F-AV
PASS     G15'(9.4) G15' with F2 specified per frozen §9.4 = structural + dynamic (F1, F2') + anti-vacuity (F-AV)
         see G15'-S, F1, F2', F-AV
PASS     S1      R1: one early draw, the realised view, the restore and the E1 reuse, in causal order; Q-KEY edits gone; original learning calls intact
         lines: draw 3839 < view 3840 < guard 3849 < section 3862 < restore 4849 < sync 4850 < E1 reuse 4901; original updateQ sites 2, D1 1, success 1; Q-KEY 0
PASS     S2      CRG: exactly the three 0f47d7b backtracking releases, guarded, inside canReachGoal
         guarded releases 3
PASS     S3      N2: the episode success writer is suppressed only under M7 credit; trust math untouched
         one guarded writer; qlearning.js carries only the FROZEN choke point
PASS     S4      N1/A3/A4/P4/GOAL edits present exactly once each
         all present
PASS     S5      conformed canReachGoal: 0 false negatives, 0 false positives, 0 trap states over 20 x 4 (H1R on); B2 defect reproduced with H1R off
         on: FN 0, FP 0, traps 0 | off (B2): FN 9, FP 0, traps 3/goal 16
PASS     S6      R2: the single early draw covers goal-entering attempts; R2-GOAL-FLAG and R2-GOAL-CREDIT once each; measurement probes once each
         early draw goal-exclusion present: false; R2-GOAL-FLAG 1, R2-GOAL-CREDIT 1, M-STEP 1, M-REWARD 1; draw call sites 1
PASS     T1      no decision trap: per arm, per goal, no-commit share of decision ticks <= 5%
         AFTER (goal 8/12/16/19, %): A1 0.2/0.6/0.4/0.1 | A2 0.3/0.4/0.4/0.2 | A3 0.2/0.2/0.0/0.0 | A4 0.4/0.6/0.5/0.5 | A5 0.3/0.4/0.4/0.2 | A6 0.1/0.4/0.4/0.2 | A7 0.1/0.7/0.4/0.2 || BEFORE (84b4197b tree): A1 0.4/1.7/41.9/0.7 | A2 0.5/1.7/44.6/0.4 | A3 0.4/0.4/74.9/0.1 | A4 1.1/2.9/47.0/0.8 | A5 0.6/2.0/40.2/0.4 | A6 1.1/1.8/44.9/0.6 | A7 0.9/1.7/46.3/0.6
FAIL     P1      all seven arms are pairwise behaviourally distinct on every configuration (21 pairs x 41)
         856/861 distinct; identical: A2/A5@900211/0, A2/A5@900211/2, A2/A5@900310/2, A2/A5@900376/2, A2/A5@900438/2
PASS     P2      BELIEF, ABLATION, RANDOM, FROZEN pairwise distinct on every configuration (6 pairs x 41; the Phase-8 requirement)
         246/246 distinct
PASS     P3      every manipulated arm (A2..A7) differs from BELIEF on every configuration (6 x 41)
         246/246 distinct (A2 41/41, A3 41/41, A4 41/41, A5 41/41, A6 41/41, A7 41/41)
PASS     M1      the measurement records exactly one reward event per realised move or goal entry and none on any other tick
         events 475939 = learning passes 475939; presence mismatches 0; on unrealised ticks 0; duplicates/orphans/non-finite 0; calls = agent steps in every run
PASS     M2      every recorded value equals the rewardSignal the agent used in its main TD update on that tick
         compared 475939, value mismatches 0
PASS     M3      the measurement is observationally neutral: fingerprint (incl. all RNG draw counts) identical with and without it, all 7 arms
         21/21 (config, arm) pairs identical
PASS     M4      no additional stochastic operation and no agent-visible effect: the module draws nothing; the two probes are call-only statements
         measure.mjs RNG references: none; probes in main.js: 2, call-only: true
PASS     M-AV    anti-vacuity: a probe at the wrong site is caught (M2), and in the B2 order the probe follows the reward to unrealised ticks
         mutant value mismatches 4952 | B2 order: events on unrealised ticks 13110, value mismatches 0
PASS     M5      the experiment driver (run_h1r.mjs) reproduces the verified run and its reward record, and reports every validity condition true
         6/6 driver runs identical in fingerprint and reward-record digest to the recorder-verified runs; valid 6/6
PASS     H1      conformed runs are deterministic (two independent processes, identical fingerprint)
         21/21
PASS     H2      the verification recorder is observationally neutral (record vs no-record fingerprint)
         21/21

57 PASS, 4 FAIL, 0 CONFLICT, 3 INFO — 652 s
