pristine experiments/m7/verify_arms.js: exit 0, 59 PASS, 0 FAIL (1s)
off      experiments/m7/verify_arms.js: exit 0, 59 PASS, 0 FAIL (1s)
on       experiments/m7/verify_arms.js: exit 0, 59 PASS, 0 FAIL (1s)
pristine experiments/m7/verify_env.js: exit 0, 54 PASS, 0 FAIL (4s)
off      experiments/m7/verify_env.js: exit 0, 54 PASS, 0 FAIL (4s)
on       experiments/m7/verify_env.js: exit 0, 54 PASS, 0 FAIL (4s)
pristine experiments/m7/verify_e1e2.js: exit 0, 32 PASS, 0 FAIL (8s)
off      experiments/m7/verify_e1e2.js: exit 0, 32 PASS, 0 FAIL (8s)
on       experiments/m7/verify_e1e2.js: exit 1, 30 PASS, 2 FAIL (9s)
pristine experiments/m7/verify_e3e4.js: exit 0, 36 PASS, 0 FAIL (12s)
off      experiments/m7/verify_e3e4.js: exit 0, 36 PASS, 0 FAIL (12s)
on       experiments/m7/verify_e3e4.js: exit 0, 36 PASS, 0 FAIL (12s)
pristine experiments/m7/verify_e5.js: exit 0, 30 PASS, 0 FAIL (10s)
off      experiments/m7/verify_e5.js: exit 0, 30 PASS, 0 FAIL (10s)
on       experiments/m7/verify_M7.js: exit 0, 49 PASS, 0 FAIL (97s)
pristine experiments/m7/verify_M7.js: exit 0, 49 PASS, 0 FAIL (101s)
off      experiments/m7/verify_M7.js: exit 0, 49 PASS, 0 FAIL (102s)
on       experiments/m7/verify_e5.js: exit 0, 30 PASS, 0 FAIL (10s)
pristine experiments/m7/verify_goal.js: exit 0, 26 PASS, 0 FAIL (6s)
pristine experiments/m7/verify_cap.js: exit 0, 42 PASS, 0 FAIL (16s)
off      experiments/m7/verify_goal.js: exit 0, 26 PASS, 0 FAIL (6s)
off      experiments/m7/verify_cap.js: exit 0, 42 PASS, 0 FAIL (16s)
on       experiments/m7/verify_cap.js: exit 1, 38 PASS, 4 FAIL (17s)
on       experiments/m7/verify_goal.js: exit 1, 24 PASS, 2 FAIL (6s)
pristine experiments/m7/verify_G8.js: exit 0, 22 PASS, 0 FAIL (4s)
off      experiments/m7/verify_G8.js: exit 0, 22 PASS, 0 FAIL (4s)
on       experiments/m7/verify_G8.js: exit 1, 21 PASS, 1 FAIL (4s)
pristine experiments/m7/verify_G10.js: exit 0, 38 PASS, 0 FAIL (26s)
pristine experiments/m7/verify_determinism.js: exit 0, 29 PASS, 0 FAIL (70s)
on       experiments/m7/verify_determinism.js: exit 0, 29 PASS, 0 FAIL (68s)
off      experiments/m7/verify_G10.js: exit 0, 38 PASS, 0 FAIL (29s)
off      experiments/m7/verify_determinism.js: exit 0, 29 PASS, 0 FAIL (71s)
on       experiments/m7/verify_G10.js: exit 0, 38 PASS, 0 FAIL (9s)
off      experiments/m7/verify_acceptance.js: exit 0, 26 PASS, 0 FAIL (15s)
pristine experiments/m7/verify_acceptance.js: exit 0, 26 PASS, 0 FAIL (15s)
on       experiments/m7/verify_acceptance.js: exit 0, 26 PASS, 0 FAIL (15s)
pristine experiments/m7/verify_stepledger.js: exit 0, 29 PASS, 0 FAIL (18s)
off      experiments/m7/verify_stepledger.js: exit 0, 29 PASS, 0 FAIL (18s)
on       experiments/m7/verify_stepledger.js: exit 1, 28 PASS, 1 FAIL (18s)
pristine experiments/phase1_0/parity_termarray.js: exit 0, 1 PASS, 0 FAIL (6s)
off      experiments/phase1_0/parity_termarray.js: exit 0, 1 PASS, 0 FAIL (6s)
on       experiments/phase1_0/parity_termarray.js: exit 0, 1 PASS, 0 FAIL (6s)
pristine experiments/phase1_0/verify_S1.js: exit 0, 12 PASS, 0 FAIL (5s)
off      experiments/phase1_0/verify_S1.js: exit 0, 12 PASS, 0 FAIL (5s)
on       experiments/phase1_0/verify_S1.js: exit 0, 12 PASS, 0 FAIL (5s)
pristine experiments/phase1_0/verify_S1b.js: exit 0, 3 PASS, 1 FAIL (0s)
off      experiments/phase1_0/verify_S1b.js: exit 0, 3 PASS, 1 FAIL (0s)
on       experiments/phase1_0/verify_S1b.js: exit 0, 3 PASS, 1 FAIL (0s)
pristine experiments/phase1_0/verify_S1prime.js: exit 0, 7 PASS, 0 FAIL (0s)
off      experiments/phase1_0/verify_S1prime.js: exit 0, 7 PASS, 0 FAIL (0s)
on       experiments/phase1_0/verify_S1prime.js: exit 0, 7 PASS, 0 FAIL (0s)
pristine experiments/phase1_0/verify_S2.js: exit 0, 14 PASS, 0 FAIL (0s)
off      experiments/phase1_0/verify_S2.js: exit 0, 14 PASS, 0 FAIL (0s)
on       experiments/phase1_0/verify_S2.js: exit 1, 13 PASS, 1 FAIL (0s)
pristine experiments/phase1_0/verify_S2_Q4.js: exit 0, 15 PASS, 0 FAIL (0s)
off      experiments/phase1_0/verify_S2_Q4.js: exit 0, 15 PASS, 0 FAIL (0s)
on       experiments/phase1_0/verify_S2_Q4.js: exit 0, 15 PASS, 0 FAIL (0s)
pristine experiments/phase1_0/verify_S4.js: exit 0, 12 PASS, 0 FAIL (0s)
off      experiments/phase1_0/verify_S4.js: exit 0, 12 PASS, 0 FAIL (0s)
on       experiments/phase1_0/verify_S4.js: exit 0, 12 PASS, 0 FAIL (0s)
pristine experiments/phase1_0/verify_S6.js: exit 0, 18 PASS, 0 FAIL (0s)
off      experiments/phase1_0/verify_S6.js: exit 0, 18 PASS, 0 FAIL (0s)
on       experiments/phase1_0/verify_S6.js: exit 0, 18 PASS, 0 FAIL (0s)
pristine experiments/phase1_0/verify_G9.js: exit 0, 11 PASS, 0 FAIL (0s)
off      experiments/phase1_0/verify_G9.js: exit 0, 11 PASS, 0 FAIL (0s)
on       experiments/phase1_0/verify_G9.js: exit 0, 11 PASS, 0 FAIL (0s)
pristine experiments/phase1_0/verify_G16.js: exit 0, 28 PASS, 0 FAIL (10s)
off      experiments/phase1_0/verify_G16.js: exit 0, 28 PASS, 0 FAIL (9s)
on       experiments/phase1_0/verify_G16.js: exit 0, 28 PASS, 0 FAIL (9s)
pristine experiments/phase1_0/verify_S3prime.js: exit 0, 2 PASS, 0 FAIL (7s)
off      experiments/phase1_0/verify_S3prime.js: exit 0, 2 PASS, 0 FAIL (7s)
on       experiments/phase1_0/verify_S3prime.js: exit 0, 2 PASS, 0 FAIL (7s)
pristine experiments/m7/verify_G15.js: exit 0, 24 PASS, 0 FAIL (258s)
off      experiments/m7/verify_G15.js: exit 0, 24 PASS, 0 FAIL (256s)
on       experiments/m7/verify_G15.js: exit 0, 24 PASS, 0 FAIL (251s)
