conformed tree: <tmp>\mfw-h1r\conformed-707cb1e-84b4197beea9 (reused)
pristine tree : <tmp>\mfw-h1r\b2-707cb1e
running 424 single-process runs with 5 workers ...
  25/424 runs
  50/424 runs
  75/424 runs
  100/424 runs
  125/424 runs
  150/424 runs
  175/424 runs
  200/424 runs
  225/424 runs
  250/424 runs
  275/424 runs
  300/424 runs
  325/424 runs
  350/424 runs
  375/424 runs
  400/424 runs
  424/424 runs
PASS     X0      every run completed without error or crash
         424 runs, 0 errors, 0 incomplete/crashed
PASS     G1'     transformed tree is inert without the H1R runtime (fingerprint = B2, all 7 arms)
         21/21 (config, arm) pairs identical in fingerprint and cognitive draws
PASS     A1      no non-edge (draw-free) movement
         NONEDGE 0 | edge attempts 618424 | self no-op re-executions 57744 (no position change, no draw, no credit)
PASS     A2      no non-edge pair enters transition memory
         main writes non-edge 0/405495; episode writes non-edge 0/535753; end-of-run non-edge entries 0
PASS     A3      no non-edge pair enters episode learning or replay (Q via episodes, rewards, momentum, trust credit)
         non-edge episode pairs 0/535753; replay 0
PASS     A4      no non-edge key in the trust store
         max non-edge trust keys over all snapshots and runs: 0
PASS     A5      every goal reach is a graph-edge move from an adjacent node
         canonical 65808/65808 goal reaches (pooled over all arms)
PASS     A6      backup move guard never needed (mask + P4 complete)
         guard firings 0
CONFLICT A7      no non-edge key in main-path TD Q updates
         241783/647278 main-path Q writes use a non-edge key (37.4%); aligned among them 0 -> all from the lagged state key (agentLast, ERR-05 §4), not from movement; end-of-run non-edge Q entries 18635
PASS     A-AV    anti-vacuity: the same probes detect non-edge movement and pairs when conformance is off
         H1R off: NONEDGE 4446, non-edge episode pairs 5454, max non-edge trust keys 44
PASS     B1      successes <= attempts for every key at every 100-tick snapshot and at run end
         keys with s>a: max 0 over 7872 snapshots
PASS     B2      trust within [0, 1]
         range [0.0457, 0.9949]
PASS     B3      every trust write is a traversal outcome (store = attempts/successes reconstructed from moves, decay mirrored)
         reconstruction mismatches 0; episode credits offered 111098, applied 0
PASS     B-AV    anti-vacuity: with conformance off the probe detects s>a
         H1R off: max keys with s>a 63
INFO     B-DIAG  diagnostic: the attempt-gated N2 variant (reconciliation text) against the s<=a invariant
         runs with any s>a: 41/41; max keys with s>a 22; max trust 1.8768
PASS     C1      RANDOM is wired: the runtime saw arm A3 and made uniform decisions in every run
         uniform decisions 84198 over 41 runs; arms seen A3
PASS     C2      RANDOM behaves differently from BELIEF (fingerprint) on every configuration
         41/41
PASS     C3      RANDOM choices are uniform over graph neighbours (pooled chi-square p > 0.001) while BELIEF is not (p < 1e-6)
         A3: chi2=46.9 df=58 p=8.50e-1 n=84198 non-neighbour picks 0; argmax share 0.261 vs 0.259 expected if uniform | A1: chi2=24906.3 df=58 p=0.00e+0; argmax share 0.908
INFO     C-INFO  decision ticks that commit no action (no admissible candidate), share of decision ticks
         A1 14.97%, A2 15.88%, A3 25.80%, A4 17.17%, A5 14.47%, A6 16.15%, A7 16.58%
PASS     C-AV    anti-vacuity: without the H1R runtime A3 is byte-identical to A1 (the historical defect)
         3 configurations
PASS     D1      FROZEN: Q table unchanged from tick 0 to tick 3000
         changed keys 0, max |delta| 0, entries at end 0
PASS     D2      FROZEN: trust store (attempts and successes) unchanged from tick 0 to tick 3000
         attempt keys changed 0, success keys changed 0
PASS     D3      FROZEN still executes its policy (decisions made, trust read at E3)
         decisions 95330, E3 reads 1395436 (passthrough 1395436)
PASS     D-AV    anti-vacuity: BELIEF changes Q and trust over the same interval
         A1 Q keys changed 5544, trust attempt keys changed 2219
PASS     E1      zero post-reset actions from pre-reset reasoning
         stale post-reset moves 0, stale post-reset goal reaches 0; resets 67162
PASS     E2      zero stale goal reaches of any kind
         stale goal reaches 0
PASS     E-AV    anti-vacuity: with conformance off, stale post-reset goal reaches are detected
         H1R off: 387 stale post-reset goal reaches
PASS     F1      every goal reach reaches the Q update with reward exactly +12
         goal events 65808 (pooled over all arms), Q goal updates 65808, reward != 12: 0
PASS     F2      eligibility rate is identically 1 in every run (no input through which p_e or history could act)
         287 runs, all with eligibility rate exactly 1
PASS     F-AV    anti-vacuity: legacy rule (conformance off) and a mutant with the GOAL edit reverted both pay != 12
         H1R off: 2262 goal rewards != 12; mutant: 598
PASS     G15'-S  structural: the goal branch pays 12 whenever H1R is on — the eligibility operand cannot be false
         GOAL edit at main.js:3929 inside the goal branch opened at :3927; next statement 'rewardSignal = 12;'
PASS     G15'    G15' = structural + dynamic (F1, F2) + anti-vacuity (F-AV)
         see G15'-S, F1, F2, F-AV
PASS     H1      conformed runs are deterministic (two independent processes, identical fingerprint)
         21/21
PASS     H2      the verification recorder is observationally neutral (record vs no-record fingerprint)
         21/21

31 PASS, 0 FAIL, 1 CONFLICT, 2 INFO — 861 s
exit=0
