pristine experiments/m7/verify_M7.js: exit 0, 49 PASS, 0 FAIL (171s)
off      experiments/m7/verify_M7.js: exit 0, 49 PASS, 0 FAIL (172s)
pristine experiments/m7/verify_arms.js: exit 0, 59 PASS, 0 FAIL (1s)
on       experiments/m7/verify_M7.js: exit 0, 49 PASS, 0 FAIL (173s)
off      experiments/m7/verify_arms.js: exit 0, 59 PASS, 0 FAIL (1s)
on       experiments/m7/verify_arms.js: exit 0, 59 PASS, 0 FAIL (1s)
pristine experiments/m7/verify_env.js: exit 0, 54 PASS, 0 FAIL (8s)
off      experiments/m7/verify_env.js: exit 0, 54 PASS, 0 FAIL (8s)
on       experiments/m7/verify_env.js: exit 0, 54 PASS, 0 FAIL (8s)
pristine experiments/m7/verify_e1e2.js: exit 0, 32 PASS, 0 FAIL (17s)
off      experiments/m7/verify_e1e2.js: exit 0, 32 PASS, 0 FAIL (17s)
on       experiments/m7/verify_e1e2.js: exit 0, 32 PASS, 0 FAIL (17s)
pristine experiments/m7/verify_e3e4.js: exit 0, 36 PASS, 0 FAIL (24s)
off      experiments/m7/verify_e3e4.js: exit 0, 36 PASS, 0 FAIL (24s)
on       experiments/m7/verify_e3e4.js: exit 1, 32 PASS, 4 FAIL (24s)
pristine experiments/m7/verify_e5.js: exit 0, 30 PASS, 0 FAIL (20s)
off      experiments/m7/verify_e5.js: exit 0, 30 PASS, 0 FAIL (20s)
on       experiments/m7/verify_e5.js: exit 0, 30 PASS, 0 FAIL (21s)
pristine experiments/m7/verify_cap.js: exit 0, 42 PASS, 0 FAIL (33s)
off      experiments/m7/verify_cap.js: exit 0, 42 PASS, 0 FAIL (33s)
on       experiments/m7/verify_cap.js: exit 0, 42 PASS, 0 FAIL (33s)
pristine experiments/m7/verify_goal.js: exit 0, 26 PASS, 0 FAIL (11s)
off      experiments/m7/verify_goal.js: exit 0, 26 PASS, 0 FAIL (11s)
on       experiments/m7/verify_goal.js: exit 1, 23 PASS, 3 FAIL (12s)
on       experiments/m7/verify_determinism.js: exit 0, 29 PASS, 0 FAIL (108s)
pristine experiments/m7/verify_determinism.js: exit 0, 29 PASS, 0 FAIL (117s)
off      experiments/m7/verify_determinism.js: exit 0, 29 PASS, 0 FAIL (119s)
pristine experiments/m7/verify_G8.js: exit 0, 22 PASS, 0 FAIL (11s)
off      experiments/m7/verify_G8.js: exit 0, 22 PASS, 0 FAIL (9s)
on       experiments/m7/verify_G8.js: exit 0, 22 PASS, 0 FAIL (10s)
pristine experiments/m7/verify_G10.js: exit 0, 38 PASS, 0 FAIL (18s)
off      experiments/m7/verify_G10.js: exit 0, 38 PASS, 0 FAIL (18s)
on       experiments/m7/verify_G10.js: exit 0, 38 PASS, 0 FAIL (18s)
pristine experiments/m7/verify_acceptance.js: exit 0, 26 PASS, 0 FAIL (31s)
off      experiments/m7/verify_acceptance.js: exit 0, 26 PASS, 0 FAIL (31s)
on       experiments/m7/verify_acceptance.js: exit 0, 26 PASS, 0 FAIL (30s)
pristine experiments/m7/verify_stepledger.js: exit 0, 29 PASS, 0 FAIL (38s)
on       experiments/m7/verify_stepledger.js: exit 1, 28 PASS, 1 FAIL (33s)
off      experiments/m7/verify_stepledger.js: exit 0, 29 PASS, 0 FAIL (38s)
on       experiments/m7/verify_G15.js: exit 1, 22 PASS, 2 FAIL (463s)
pristine experiments/phase1_0/parity_termarray.js: exit 0, 1 PASS, 0 FAIL (9s)
off      experiments/phase1_0/parity_termarray.js: exit 0, 1 PASS, 0 FAIL (9s)
on       experiments/phase1_0/parity_termarray.js: exit 0, 1 PASS, 0 FAIL (9s)
pristine experiments/phase1_0/verify_S1.js: exit 0, 12 PASS, 0 FAIL (8s)
off      experiments/phase1_0/verify_S1.js: exit 0, 12 PASS, 0 FAIL (8s)
on       experiments/phase1_0/verify_S1.js: exit 0, 12 PASS, 0 FAIL (8s)
pristine experiments/phase1_0/verify_S1b.js: exit 0, 3 PASS, 1 FAIL (1s)
off      experiments/phase1_0/verify_S1b.js: exit 0, 3 PASS, 1 FAIL (1s)
on       experiments/phase1_0/verify_S1b.js: exit 0, 3 PASS, 1 FAIL (1s)
pristine experiments/phase1_0/verify_S1prime.js: exit 0, 7 PASS, 0 FAIL (1s)
off      experiments/phase1_0/verify_S1prime.js: exit 0, 7 PASS, 0 FAIL (1s)
on       experiments/phase1_0/verify_S1prime.js: exit 0, 7 PASS, 0 FAIL (1s)
pristine experiments/phase1_0/verify_S2.js: exit 0, 14 PASS, 0 FAIL (0s)
off      experiments/phase1_0/verify_S2.js: exit 0, 14 PASS, 0 FAIL (0s)
on       experiments/phase1_0/verify_S2.js: exit 1, 13 PASS, 1 FAIL (0s)
pristine experiments/phase1_0/verify_S2_Q4.js: exit 0, 15 PASS, 0 FAIL (0s)
off      experiments/phase1_0/verify_S2_Q4.js: exit 0, 15 PASS, 0 FAIL (0s)
on       experiments/phase1_0/verify_S2_Q4.js: exit 0, 15 PASS, 0 FAIL (0s)
pristine experiments/phase1_0/verify_S4.js: exit 0, 12 PASS, 0 FAIL (0s)
off      experiments/phase1_0/verify_S4.js: exit 0, 12 PASS, 0 FAIL (0s)
on       experiments/phase1_0/verify_S4.js: exit 0, 12 PASS, 0 FAIL (0s)
pristine experiments/phase1_0/verify_S6.js: exit 0, 18 PASS, 0 FAIL (0s)
off      experiments/phase1_0/verify_S6.js: exit 0, 18 PASS, 0 FAIL (0s)
on       experiments/phase1_0/verify_S6.js: exit 0, 18 PASS, 0 FAIL (0s)
pristine experiments/phase1_0/verify_G9.js: exit 0, 11 PASS, 0 FAIL (0s)
off      experiments/phase1_0/verify_G9.js: exit 0, 11 PASS, 0 FAIL (0s)
on       experiments/phase1_0/verify_G9.js: exit 0, 11 PASS, 0 FAIL (0s)
pristine experiments/m7/verify_G15.js: exit 0, 24 PASS, 0 FAIL (531s)
off      experiments/m7/verify_G15.js: exit 0, 24 PASS, 0 FAIL (532s)
pristine experiments/phase1_0/verify_G16.js: exit 0, 28 PASS, 0 FAIL (14s)
off      experiments/phase1_0/verify_G16.js: exit 0, 28 PASS, 0 FAIL (14s)
on       experiments/phase1_0/verify_G16.js: exit 0, 28 PASS, 0 FAIL (14s)
pristine experiments/phase1_0/verify_S3prime.js: exit 0, 2 PASS, 0 FAIL (10s)
off      experiments/phase1_0/verify_S3prime.js: exit 0, 2 PASS, 0 FAIL (10s)
on       experiments/phase1_0/verify_S3prime.js: exit 0, 2 PASS, 0 FAIL (10s)
exit=0
